
when login to docker private repo
error:  exit status 1, out: `Cannot autolaunch D-Bus without X11 $DISPLAY`

solution:  1)  sudo dpkg -r --ignore-depends=golang-docker-credential-helpers golang-docker-credential-helpers
            2)echo 'foo' | docker login -u admin -p admin@123 34.94.229.173:8083



Nexus Installation in ubuntu 16.04
 ==> apt-get install wget ( install if you dont have wget )
 ==> java -version ( make sure java is installed which should be java 8 or higher version )
 ==> wget https://download.sonatype.com/nexus/3/latest-unix.tar.gz
 ==> tar -xvf latest-unix.tar.gz
 ==> cd nexus-3.22.0-02/
 ==> ./nexus start ( starts the nexus artifactory )
 ==> ./nexus status ( by this you check the status of nexus artifactory )
  To access this use http://ip_Address:8081 ( by deafault which will be running on 8081)
    
 to change default ip  /etc/nexus/deful-nexusproprt
  intial password will be present in /opt/sonatype-work/nexus3/admin.password

===============================================
RUN AS A SERVICE:
=================

cd /etc/init.d
sudo update-rc.d nexus defaults
sudo service nexus start

=======================================================



$ sudo apt-get update   
$ sudo  apt install openjdk-8-jre-headless -y

$cd /opt 

$ sudo wget https://download.sonatype.com/nexus/3/latest-unix.tar.gz

$ sudo  tar -zxvf latest-unix.tar.gz

$ sudo  mv /opt/nexus-3.30.0-01 /opt/nexus


 sudo adduser nexus  

sudo visudo 

Add the below line and Save.

nexus   ALL=(ALL)       NOPASSWD: ALL


Change file and owner permission for nexus files

$ sudo chown -R nexus:nexus /opt/nexus  
$ sudo chown -R nexus:nexus /opt/sonatype-work  


Add nexus as a service at boot time

Open /opt/nexus/bin/nexus.rc file, uncomment run_as_user parameter and set it as following.

$ sudo vi /opt/nexus/bin/nexus.rc  
   
 run_as_user="nexus" (file shold have only this line)
Add nexus as a service at boot time

$ sudo ln -s /opt/nexus/bin/nexus /etc/init.d/nexus
Log in as a nexus user and start service

 $ su - nexus  
 $ /etc/init.d/nexus start  
Check the port is running or not using netstat command

$ sudo netstat -plnt






docker tag image:1.0 ip-of-nexus-server:port/image:1.0
docker login -u admin -p admin@123 ip-of-nexus-server:port (port number is repo port number)
docker push imagename:1.0